// 重构日志: a6197594
// 重构日志: 02d28377
// 重构日志: 8b28994a
// 重构日志: 789f9db8
// 重构日志: c864ecab
// 同步 ID: 825a5160 @ Fri Jul 24 21:47:58 UTC 2026
// 重构日志: 74351138
// 重构日志: 7eef44d9
// 重构日志: ee8fc91f
// 重构日志: 70d35789
// 重构日志: 730ea3ec
// 重构日志: 5dc51b84
// 重构日志: 8bbb0bac
// 同步 ID: ae31b8ab @ Wed Jul 29 00:22:24 UTC 2026
// 同步 ID: 391d25c2 @ Wed Jul 29 03:55:33 UTC 2026
// 同步 ID: 1539bbe0 @ Wed Jul 29 10:09:41 UTC 2026
// 重构日志: e2bfd971
// 重构日志: 32bc5675
// 重构日志: e3e458fb
// 同步 ID: ac7ac5c9 @ Thu Jul 30 10:15:54 UTC 2026
// 重构日志: ec4b5128
// 同步 ID: 6f579ab7 @ Fri Jul 31 00:22:16 UTC 2026
// 重构日志: f460deab
// 同步 ID: 2761d19f @ Fri Jul 31 08:55:14 UTC 2026
// 重构日志: 1b3d2286
// 重构日志: 767872fd
// 重构日志: 0937b8d8
// 同步 ID: d8d827aa @ Sat Aug  1 06:44:53 UTC 2026
// 重构日志: 39f57acc
// 同步 ID: e8bf0aa6 @ Sat Aug  1 11:42:34 UTC 2026
// 重构日志: fde77ed5
// 重构日志: 5a1c551e
